polybar|warn:  No monitor specified, using "eDP-1"
polybar|warn:  No monitor specified, using "eDP-1"
polybar|error: Disabling module "eth" (reason: Invalid network interface "enp0s20f0u3")
polybar|warn:  Alpha support for the systray is limited. See the wiki for more details.
polybar|warn:  Dropping unmatched character  (U+e23a)
polybar|warn:  Dropping unmatched character  (U+e23a)
polybar|warn:  Dropping unmatched character  (U+e23a)
polybar|warn:  Dropping unmatched character  (U+e23a)
polybar|warn:  Dropping unmatched character  (U+e23a)
polybar|warn:  Dropping unmatched character  (U+e23a)
polybar|warn:  Dropping unmatched character  (U+e23a)
polybar|warn:  Dropping unmatched character  (U+e23a)
polybar|warn:  Dropping unmatched character  (U+e23a)
polybar|warn:  Dropping unmatched character  (U+e23a)
polybar|warn:  Dropping unmatched character  (U+e23a)
polybar|warn:  Dropping unmatched character  (U+e23a)
polybar|warn:  Dropping unmatched character  (U+e23a)
polybar|warn:  Dropping unmatched character  (U+e23a)
polybar|warn:  Dropping unmatched character  (U+e23a)
polybar|warn:  Dropping unmatched character  (U+e23a)
polybar|warn:  Dropping unmatched character  (U+e23a)
polybar|warn:  Dropping unmatched character  (U+e23a)
polybar|warn:  Dropping unmatched character  (U+e23a)
polybar|warn:  Dropping unmatched character  (U+e23a)
polybar|warn:  Dropping unmatched character  (U+e23a)
polybar|warn:  Dropping unmatched character  (U+e23a)
polybar|warn:  Dropping unmatched character  (U+e23a)
polybar|warn:  Dropping unmatched character  (U+e23a)
polybar|warn:  Dropping unmatched character  (U+e23a)
polybar|warn:  Dropping unmatched character  (U+e23a)
polybar|warn:  Dropping unmatched character  (U+e23a)
polybar|warn:  Dropping unmatched character  (U+e23a)
polybar|warn:  Dropping unmatched character  (U+e23a)
polybar|warn:  Dropping unmatched character  (U+e23a)
polybar|warn:  Dropping unmatched character  (U+e23a)
polybar|warn:  Dropping unmatched character  (U+e23a)
polybar|warn:  Dropping unmatched character  (U+e23a)
polybar|warn:  Dropping unmatched character  (U+e23a)
polybar|warn:  Dropping unmatched character  (U+e23a)
polybar|warn:  Dropping unmatched character  (U+e23a)
polybar|warn:  Dropping unmatched character  (U+e23a)
polybar|warn:  Dropping unmatched character  (U+e23a)
polybar|warn:  Dropping unmatched character  (U+e23a)
polybar|warn:  Dropping unmatched character  (U+e23a)
polybar|warn:  Dropping unmatched character  (U+e23a)
polybar|warn:  Dropping unmatched character  (U+e23a)
polybar|warn:  Dropping unmatched character  (U+e23a)
polybar|warn:  Dropping unmatched character  (U+e23a)
polybar|warn:  Dropping unmatched character  (U+e23a)
polybar|warn:  Dropping unmatched character  (U+e23a)
polybar|warn:  Dropping unmatched character  (U+e23a)
polybar|warn:  Dropping unmatched character  (U+e23a)
polybar|warn:  Dropping unmatched character  (U+e23a)
polybar|warn:  Dropping unmatched character  (U+e23a)
polybar|warn:  Dropping unmatched character  (U+e23a)
polybar|warn:  Dropping unmatched character  (U+e23a)
polybar|warn:  Dropping unmatched character  (U+e23a)
polybar|warn:  Dropping unmatched character  (U+e23a)
polybar|warn:  Dropping unmatched character  (U+e23a)
polybar|warn:  Dropping unmatched character  (U+e23a)
polybar|warn:  Dropping unmatched character  (U+e23a)
polybar|warn:  Dropping unmatched character  (U+e23a)
polybar|warn:  Termination signal received, shutting down...
polybar|warn:  Termination signal received, shutting down...
